<html>
<body>
<pre>
<h1>µVision Build Log</h1>
<h2>Tool Versions:</h2>
IDE-Version: µVision V5.36.0.0
Copyright (C) 2021 ARM Ltd and ARM Germany GmbH. All rights reserved.
License Information: Alastair Aitchison, Playful Technology, LIC=EXJT4-F2IU8-NN4AF-6Q1PK-TB5K7-3TERR
 
Tool Versions:
Toolchain:       MDK-ARM Plus  Version: 5.36.0.0
Toolchain Path:  D:\Keil_v5\ARM\ARMCC\Bin
C Compiler:      Armcc.exe V5.06 update 7 (build 960)
Assembler:       Armasm.exe V5.06 update 7 (build 960)
Linker/Locator:  ArmLink.exe V5.06 update 7 (build 960)
Library Manager: ArmAr.exe V5.06 update 7 (build 960)
Hex Converter:   FromElf.exe V5.06 update 7 (build 960)
CPU DLL:         SARMCM3.DLL V5.36.0.0
Dialog DLL:      DCM.DLL V1.17.3.0
Target DLL:      Segger\JL2CM3.dll V2.99.40.0
Dialog DLL:      TCM.DLL V1.53.0.0
 
<h2>Project:</h2>
C:\Users\alast\Documents\GitHub\pid-balancetriangle\project\USER\triangle.uvprojx
Project File Date:  01/21/2023

<h2>Output:</h2>
*** Using Compiler 'V5.06 update 7 (build 960)', folder: 'D:\Keil_v5\ARM\ARMCC\Bin'
Build target 'Target 1'
assembling startup_stm32f10x_md.s...
compiling key.c...
compiling timer.c...
compiling LED.C...
compiling delay.c...
compiling motor.c...
compiling usart.c...
compiling adc.c...
compiling main.c...
compiling oled.c...
compiling encoder.c...
compiling sys.c...
compiling stm32f10x_gpio.c...
compiling filter.c...
compiling stm32f10x_rcc.c...
compiling mpu6050.c...
compiling core_cm3.c...
compiling I2C.c...
compiling stmflash.c...
compiling show.c...
compiling stm32f10x_bkp.c...
compiling control.c...
compiling stm32f10x_pwr.c...
linking...
Program Size: Code=19966 RO-data=2506 RW-data=1036 ZI-data=3820  
FromELF: creating hex file...
"..\OBJ\Minibalance.axf" - 0 Error(s), 0 Warning(s).

<h2>Software Packages used:</h2>

Package Vendor: Keil
                http://www.keil.com/pack/Keil.STM32F1xx_DFP.2.4.0.pack
                Keil.STM32F1xx_DFP.2.4.0
                STMicroelectronics STM32F1 Series Device Support, Drivers and Examples

<h2>Collection of Component include folders:</h2>
  D:\Arm\Packs\Keil\STM32F1xx_DFP\2.4.0\Device\Include

<h2>Collection of Component Files used:</h2>
Build Time Elapsed:  00:00:02
</pre>
</body>
</html>
