<html>
<body>
<pre>
<h1>礦ision Build Log</h1>
<h2>Tool Versions:</h2>
IDE-Version: μVision V5.14.0.0
Copyright (C) 2015 ARM Ltd and ARM Germany GmbH. All rights reserved.
License Information: A A, A, LIC=1WSEV-P5U7E-QHI8A-1KYGS-CCLLT-09J3G
 
Tool Versions:
Toolchain:       MDK-ARM Professional  Version: 5.14.0.0
Toolchain Path:  C:\mysoftware\KEIL5\ARM\ARMCC\Bin
C Compiler:      Armcc.exe V5.05 update 1 (build 106)
Assembler:       Armasm.exe V5.05 update 1 (build 106)
Linker/Locator:  ArmLink.exe V5.05 update 1 (build 106)
Library Manager: ArmAr.exe V5.05 update 1 (build 106)
Hex Converter:   FromElf.exe V5.05 update 1 (build 106)
CPU DLL:         SARMCM3.DLL V5.14.0.0
Dialog DLL:      DCM.DLL V1.13.1.0
Target DLL:      Segger\JL2CM3.dll V2.99.13.0
Dialog DLL:      TCM.DLL V1.14.4.0
 
<h2>Project:</h2>
C:\Users\Lee Young\Desktop\平衡三棱锥项目\源码\TRG_V2.0\USER\triangle.uvprojx
Project File Date:  12/16/2021

<h2>Output:</h2>
Build target 'Target 1'
compiling control.c...
linking...
Program Size: Code=19786 RO-data=2502 RW-data=1036 ZI-data=3820  
FromELF: creating hex file...
"..\OBJ\Minibalance.axf" - 0 Error(s), 0 Warning(s).

<h2>Collection of Component include folders:</h2>
  C:\Users\Lee Young\Desktop\平衡三棱锥项目\源码\TRG_V2.0\USER\RTE
  C:\mysoftware\KEIL5\ARM\PACK\Keil\STM32F1xx_DFP\1.0.5\Device\Include

<h2>Collection of Component Files used:</h2>
</pre>
</body>
</html>
